Are you running this on a computer WITHOUT a network connection of any kind? (y/n)?Have the wireless cards in this computer been physically removed? (y/n)?Are you running on battery power? (y/n)?Are you running on an operating system booted from a USB drive? (y/n)?Is your screen hidden from view of windows, cameras, and other people? (y/n)?Are smartphones and all other nearby devices turned off and in a Faraday bag? (y/n)?
You will need to enter several pieces of information to create a withdrawal transaction.


*** PLEASE BE SURE TO ENTER THE CORRECT DESTINATION ADDRESS ***


Source cold storage address: 
Redemption script for source cold storage address: 
Destination address: 
How many unspent transactions will you be using for this withdrawal? 
Please paste raw transaction #1 (hexadecimal format) with unspent outputs at the source address
OR
input a filename located in the current directory which contains the raw transaction data
(If the transaction data is over ~4000 characters long, you _must_ use a file.):

Please paste raw transaction #2 (hexadecimal format) with unspent outputs at the source address
OR
input a filename located in the current directory which contains the raw transaction data
(If the transaction data is over ~4000 characters long, you _must_ use a file.):

Please paste raw transaction #3 (hexadecimal format) with unspent outputs at the source address
OR
input a filename located in the current directory which contains the raw transaction data
(If the transaction data is over ~4000 characters long, you _must_ use a file.):

Please paste raw transaction #4 (hexadecimal format) with unspent outputs at the source address
OR
input a filename located in the current directory which contains the raw transaction data
(If the transaction data is over ~4000 characters long, you _must_ use a file.):

Please paste raw transaction #5 (hexadecimal format) with unspent outputs at the source address
OR
input a filename located in the current directory which contains the raw transaction data
(If the transaction data is over ~4000 characters long, you _must_ use a file.):

Please paste raw transaction #6 (hexadecimal format) with unspent outputs at the source address
OR
input a filename located in the current directory which contains the raw transaction data
(If the transaction data is over ~4000 characters long, you _must_ use a file.):

Please paste raw transaction #7 (hexadecimal format) with unspent outputs at the source address
OR
input a filename located in the current directory which contains the raw transaction data
(If the transaction data is over ~4000 characters long, you _must_ use a file.):

Transaction data found for source address.
TOTAL unspent amount for this raw transaction: 0.07230000 BTC

How many private keys will you be signing this transaction with? 
#: Key #1: Key #2: 
Enter fee rate.
Satoshis per vbyte: 
Based on the provided rate, the fee will be 0.00003279 bitcoin.
Confirm? (y/n): 
Please enter the decimal amount (in bitcoin) to withdraw to the destination address.

Example: For 2.3 bitcoins, enter "2.3".

After a fee of 0.00003279, you have 0.07226721 bitcoins available to withdraw.

*** Technical note for experienced Bitcoin users:  If the withdrawal amount & fee are cumulatively less than the total amount of the unspent transactions, the remainder will be sent back to the same cold storage address as change. ***

Amount to send to tb1qrwxllgvtc0ns624dlped894kkfq608jmxsnmrx (leave blank to withdraw all funds stored in these unspent transactions): 
Is this data correct?
*** WARNING: Incorrect data may lead to loss of funds ***

0.07230000 BTC in unspent supplied transactions
0 BTC going back to cold storage address 2MyCc3oEVwSYzgmspKTjZ6HZrzeg8ajdmKR
0.07226721 BTC going to destination address tb1qrwxllgvtc0ns624dlped894kkfq608jmxsnmrx
Fee amount: 0.00003279

Signing with private keys: 
93VDtjySSuPjgLYyCR6BBTqCuaqu6X728ZfkNEDbgAdVURRd1rS
924WjH7yMYyuyhUougBHEu2vThcHRmahF6FsKvNVQBwSGuEyqKm


Confirm? (y/n): 
Calculating transaction...


Sufficient private keys to execute transaction?
True

Raw signed transaction (hex):
0200000007ed68d31a3a43454e1aea85f9fc59ee22a97744e93ef179ee058c5228adf03e4001000000fd9f0100473044022042ae4d3347b3ffe6d49d0ad057885ade0e1f1255e41f2a806055151d747c04bc02207297749b6a8e7da92003538ea5977cabf9fe7eaeefcf12d20ce462601e6a6451014730440220177bd6d14e7a888617a67406af9977da4627eb1bb3b72c8138548229125fa08102203b0e826273d88ded6a81e21b8b5b715e0e0206cc772fbbbafe779bbef34f4f51014d0b0152410498137b6223a9fa395e16fe6e49a7f4a737029d4476ec35844a8469e358d641b85a5bf355d570699d63cde87da1d450e1966d97ee61a99b51995a11eb7ea0f6744104fd9a69f95e31c3b8d2c97925e0f151dd1c67f3b71e3ba6db8f20d944e6e94d9b5e3ad4c12a5f9bd6d2137cf69b015f9637de61aafae29fdfccf8ef5a4cd81e374104ff188a131ee79900a4cdbe68c5ea84ad73b8acf8414e5895f6c7b0e4779ef50d39ba369a34cd3f7216877769a292ccf52c2653c799a138321bf8c1e03a9120594104eeafc0621008662a9977b953ee7f7af87981830f561cac50387211c75d58bcb751414fc9abe0cf4a28a4044806ccd54b3f80ba990e0eff046bb1b930968b973a54aeffffffffcd9d26bf2ff168a470dd35c47d603d6c2143a1698e41a2efe79e0c5079f2b7c901000000fd9f0100473044022026e1d46e45382fd9373e7918b2d8b24f69379501cb22705836537ad4de3f8c62022007094d3d36f61d8dac184f86bce21974550f062255ad466aff159f28299f341801473044022005217b63bc617bffc8f7676b2d172154d40133c68486666cb3ed56b6c54bf38802206caae29591080d4f229b3373f77bf8c81d8beba1222542c43436179ecbfa5487014d0b0152410498137b6223a9fa395e16fe6e49a7f4a737029d4476ec35844a8469e358d641b85a5bf355d570699d63cde87da1d450e1966d97ee61a99b51995a11eb7ea0f6744104fd9a69f95e31c3b8d2c97925e0f151dd1c67f3b71e3ba6db8f20d944e6e94d9b5e3ad4c12a5f9bd6d2137cf69b015f9637de61aafae29fdfccf8ef5a4cd81e374104ff188a131ee79900a4cdbe68c5ea84ad73b8acf8414e5895f6c7b0e4779ef50d39ba369a34cd3f7216877769a292ccf52c2653c799a138321bf8c1e03a9120594104eeafc0621008662a9977b953ee7f7af87981830f561cac50387211c75d58bcb751414fc9abe0cf4a28a4044806ccd54b3f80ba990e0eff046bb1b930968b973a54aeffffffff9c0be1c08cef22eccc2eb230b09135ab8baec10d3db7a1b44dde14fd9dacdc7501000000fd9f010047304402201fa8c1b5a57fed703f30b803152ccf2da7394759842e9ac9f63db0efe650ab6102200e5e936830d7b5f4eb5640362d255b920b3268dec42e1b594e916b74c40c1fc901473044022049b9885c78404a46c0242b980d4f65c233fe475c02e8591ffa3b9946a774b26c02207c7c6c571ee3ac86def6237f2091182ee5cf74dd37643dcd11cc062b94515900014d0b0152410498137b6223a9fa395e16fe6e49a7f4a737029d4476ec35844a8469e358d641b85a5bf355d570699d63cde87da1d450e1966d97ee61a99b51995a11eb7ea0f6744104fd9a69f95e31c3b8d2c97925e0f151dd1c67f3b71e3ba6db8f20d944e6e94d9b5e3ad4c12a5f9bd6d2137cf69b015f9637de61aafae29fdfccf8ef5a4cd81e374104ff188a131ee79900a4cdbe68c5ea84ad73b8acf8414e5895f6c7b0e4779ef50d39ba369a34cd3f7216877769a292ccf52c2653c799a138321bf8c1e03a9120594104eeafc0621008662a9977b953ee7f7af87981830f561cac50387211c75d58bcb751414fc9abe0cf4a28a4044806ccd54b3f80ba990e0eff046bb1b930968b973a54aeffffffff4ba762448975707448e8e0cf5bf26ba4010a44405a6b335115adec6f03c65c9500000000fd9f0100473044022071fe4171de31f3aff4b5d5d3759da100905775a73f87a473462fa607aad56896022020488a1a81e019bee6bd89f59eec7c9849303fc507bf60c4e547a9f99af2eb3501473044022008a5b6fc2808fca2f6c1c7eb844fc19899d54c61bf8197ffdfdd26adf618118c02203b9307e165687ef506a01a5d67c580e12a9c3ea2f17fad0a819dc2c549c5c68e014d0b0152410498137b6223a9fa395e16fe6e49a7f4a737029d4476ec35844a8469e358d641b85a5bf355d570699d63cde87da1d450e1966d97ee61a99b51995a11eb7ea0f6744104fd9a69f95e31c3b8d2c97925e0f151dd1c67f3b71e3ba6db8f20d944e6e94d9b5e3ad4c12a5f9bd6d2137cf69b015f9637de61aafae29fdfccf8ef5a4cd81e374104ff188a131ee79900a4cdbe68c5ea84ad73b8acf8414e5895f6c7b0e4779ef50d39ba369a34cd3f7216877769a292ccf52c2653c799a138321bf8c1e03a9120594104eeafc0621008662a9977b953ee7f7af87981830f561cac50387211c75d58bcb751414fc9abe0cf4a28a4044806ccd54b3f80ba990e0eff046bb1b930968b973a54aeffffffffd70711ae07f04417c0ea5bb49015b09acb7cc6ef3918e653b5012e4e03a1ab2601000000fd9f010047304402203d52133089798f478b52f5f6dec917fde79e4e0233fedfe1732a37617285e35b02201703f877c939836030d39d27c47320090a7741bdacb6d1f78a5cf017ca2af7c801473044022034c5ebd493392af574c41916eb2ba2b0c5ac2f4cc9831cf08c6b209703d6babf0220760beba8f46cc0589a9ba2fabcff3e93e73e40a81e6b83858e5f47e9c7f68e95014d0b0152410498137b6223a9fa395e16fe6e49a7f4a737029d4476ec35844a8469e358d641b85a5bf355d570699d63cde87da1d450e1966d97ee61a99b51995a11eb7ea0f6744104fd9a69f95e31c3b8d2c97925e0f151dd1c67f3b71e3ba6db8f20d944e6e94d9b5e3ad4c12a5f9bd6d2137cf69b015f9637de61aafae29fdfccf8ef5a4cd81e374104ff188a131ee79900a4cdbe68c5ea84ad73b8acf8414e5895f6c7b0e4779ef50d39ba369a34cd3f7216877769a292ccf52c2653c799a138321bf8c1e03a9120594104eeafc0621008662a9977b953ee7f7af87981830f561cac50387211c75d58bcb751414fc9abe0cf4a28a4044806ccd54b3f80ba990e0eff046bb1b930968b973a54aeffffffff1756c710fcbc52699be2cebe34c563e2d13327a2bb32669c24e03ac95f1f01b300000000fd9f010047304402206718714efdce83b6ced52bd933d612bf7bd8d18922d0654e8d61f20071eff0b90220113c53fa40bdba5e461fd658ca53f93ca67747cfe74bdf7cde3b84a43189d2840147304402202cdf9f2248a40eb7c71d501de8f3890f51d320a8f2a87ca62b89290e717d672a0220392f5c2f2ca0c9fa8fd691ac1ede869819586dd420451191d4319d358e59b4e5014d0b0152410498137b6223a9fa395e16fe6e49a7f4a737029d4476ec35844a8469e358d641b85a5bf355d570699d63cde87da1d450e1966d97ee61a99b51995a11eb7ea0f6744104fd9a69f95e31c3b8d2c97925e0f151dd1c67f3b71e3ba6db8f20d944e6e94d9b5e3ad4c12a5f9bd6d2137cf69b015f9637de61aafae29fdfccf8ef5a4cd81e374104ff188a131ee79900a4cdbe68c5ea84ad73b8acf8414e5895f6c7b0e4779ef50d39ba369a34cd3f7216877769a292ccf52c2653c799a138321bf8c1e03a9120594104eeafc0621008662a9977b953ee7f7af87981830f561cac50387211c75d58bcb751414fc9abe0cf4a28a4044806ccd54b3f80ba990e0eff046bb1b930968b973a54aeffffffff28e1104d24cc1cb9f20228bb4b84ecc6b9ff9a3b6ee8adaef39603cc97bbfe7600000000fd9f010047304402203f21cdc13701224b1afab1aff5b818dc0ec203e106c83d205a628e251444c6f90220657252f3bc5c4d91c8d5a0d5212b155d1e2f641c6cab56a771878cfaf8deef5f0147304402204bbeb80d8169d2952c48d04663237a51848838f53374d6afb0dc7583017724e402205c7e3536d6543628ed7e6438a386c25379c86214f6460c0508430a70bb3e73d4014d0b0152410498137b6223a9fa395e16fe6e49a7f4a737029d4476ec35844a8469e358d641b85a5bf355d570699d63cde87da1d450e1966d97ee61a99b51995a11eb7ea0f6744104fd9a69f95e31c3b8d2c97925e0f151dd1c67f3b71e3ba6db8f20d944e6e94d9b5e3ad4c12a5f9bd6d2137cf69b015f9637de61aafae29fdfccf8ef5a4cd81e374104ff188a131ee79900a4cdbe68c5ea84ad73b8acf8414e5895f6c7b0e4779ef50d39ba369a34cd3f7216877769a292ccf52c2653c799a138321bf8c1e03a9120594104eeafc0621008662a9977b953ee7f7af87981830f561cac50387211c75d58bcb751414fc9abe0cf4a28a4044806ccd54b3f80ba990e0eff046bb1b930968b973a54aeffffffff0161456e00000000001600141b8dffa18bc3e70d2aadf872d396b6b241a79e5b00000000

Transaction fingerprint (md5):
e5aa030f99382996ecaf359b2d012e70
QR code for transaction written to transaction-01.png,transaction-02.png
transaction-01.png
transaction-02.png
